identifiers -> ident
declaration -> identifiers COLON INTEGER
declarations -> epsilon
declarations -> declaration SEMICOLON declarations
declarations -> epsilon
var -> IDENT
term -> var
expression -> mult_expression
comp -> LTE
term -> NUMBER
expression -> mult_expression
relation_exp -> expression comp expression
relation_and_exp -> relation_exp
bool_exp -> relation_and_exp
relation_exp -> L_PAREN bool_exp R_PAREN
relation_and_exp -> relation_exp
bool_exp -> relation_and_exp
term -> NUMBER
expression -> mult_expression
statements -> RETURN expression
statements -> epsilon
statements -> statement SEMICOLON statements
else -> epsilon
statements -> IF bool_exp THEN statement else ENDIF
var -> IDENT
term -> var
term -> NUMBER
expression -> mult_expression
expression -> mult_expression SUB mult_expression
expressions -> expression
mult_expression -> term MULT term
var -> IDENT
term -> var
term -> NUMBER
expression -> mult_expression
expression -> mult_expression SUB mult_expression
expressions -> expression
mult_expression -> term MULT term
expression -> mult_expression
expression -> mult_expression ADD mult_expression
statements -> RETURN expression
statements -> epsilon
statements -> statement SEMICOLON statements
statements -> statement SEMICOLON statements
function -> FUNCTION IDENT SEMICOLON BEGIN_PARAMS declarations END_PARAMS BEGIN_LOCALS declarations END_LOCALS BEGIN_BODY statements END_BODY
declarations -> epsilon
identifiers -> ident
declaration -> identifiers COLON INTEGER
identifiers -> ident
declaration -> identifiers COLON INTEGER
declarations -> epsilon
declarations -> declaration SEMICOLON declarations
declarations -> declaration SEMICOLON declarations
var -> IDENT
vars -> var
statement -> READ vars
var -> IDENT
var -> IDENT
term -> var
expression -> mult_expression
expressions -> expression
mult_expression -> term MULT term
expression -> mult_expression
statement -> var ASSIGN expression
var -> IDENT
vars -> var
statement -> WRITE vars
statements -> epsilon
statements -> statement SEMICOLON statements
statements -> statement SEMICOLON statements
statements -> statement SEMICOLON statements
function -> FUNCTION IDENT SEMICOLON BEGIN_PARAMS declarations END_PARAMS BEGIN_LOCALS declarations END_LOCALS BEGIN_BODY statements END_BODY
functions -> epsilon
functions -> function functions
functions -> function functions
prog_start -> functions
